Running 5 test cases...
Running Conditional Tests...
This has been called
That has been called
an issue occured
an issue occured
981.000061
Running 5 test cases...
Running Conditional Tests...
This has been called
That has been called
an issue occured
an issue occured
981.000061
Running 5 test cases...
Running Conditional Tests...
This has been called
That has been called
an issue occured
an issue occured
981.000061
